Started by user surya
Running as SYSTEM
Building in workspace C:\ProgramData\Jenkins\.jenkins\workspace\Tatacliq
The recommended git tool is: NONE
No credentials specified
 > git.exe rev-parse --resolve-git-dir C:\ProgramData\Jenkins\.jenkins\workspace\Tatacliq\.git # timeout=10
Fetching changes from the remote Git repository
 > git.exe config remote.origin.url https://github.com/suriiya00/TataCliq.git # timeout=10
Fetching upstream changes from https://github.com/suriiya00/TataCliq.git
 > git.exe --version # timeout=10
 > git --version # 'git version 2.45.1.windows.1'
 > git.exe fetch --tags --force --progress -- https://github.com/suriiya00/TataCliq.git +refs/heads/*:refs/remotes/origin/* # timeout=10
 > git.exe rev-parse "origin/main^{commit}" # timeout=10
Checking out Revision ff28a879dceab68716f22f67e69f16556f52ff64 (origin/main)
 > git.exe config core.sparsecheckout # timeout=10
 > git.exe checkout -f ff28a879dceab68716f22f67e69f16556f52ff64 # timeout=10
Commit message: "Add files via upload"
 > git.exe rev-list --no-walk 014af21d27ddc0a2e362c3bdfb59b8cb91552c7c # timeout=10
[Tatacliq] $ cmd /c call C:\WINDOWS\TEMP\jenkins2718887376810850718.bat

C:\ProgramData\Jenkins\.jenkins\workspace\Tatacliq>REM --- Set Maven Home --- 

C:\ProgramData\Jenkins\.jenkins\workspace\Tatacliq>set MAVEN_HOME=C:\Users\Ascendion\Downloads\apache-maven-3.9.11-bin\apache-maven-3.9.11 

C:\ProgramData\Jenkins\.jenkins\workspace\Tatacliq>REM --- Add Maven bin to PATH temporarily --- 

C:\ProgramData\Jenkins\.jenkins\workspace\Tatacliq>set PATH=C:\Users\Ascendion\Downloads\apache-maven-3.9.11-bin\apache-maven-3.9.11\bin;C:\Program Files\Common Files\Oracle\Java\javapath;C:\WINDOWS\system32;C:\WINDOWS;C:\WINDOWS\System32\Wbem;C:\WINDOWS\System32\WindowsPowerShell\v1.0\;C:\WINDOWS\System32\OpenSSH\;C:\Program Files\Git\cmd;C:\Program Files (x86)\Microsoft SQL Server\160\Tools\Binn\;C:\Program Files\Microsoft SQL Server\160\Tools\Binn\;C:\Program Files\Microsoft SQL Server\Client SDK\ODBC\170\Tools\Binn\;C:\Program Files\Microsoft SQL Server\160\DTS\Binn\;C:\ProgramData\chocolatey\bin;C:\Users\Ascendion\AppData\Local\nvm;C:\nvm4w\nodejs;C:\Program Files\nodejs\;C:\WINDOWS\system32\config\systemprofile\AppData\Local\Microsoft\WindowsApps 

C:\ProgramData\Jenkins\.jenkins\workspace\Tatacliq>REM --- Go to your project folder --- 

C:\ProgramData\Jenkins\.jenkins\workspace\Tatacliq>REM --- Run Maven tests --- 

C:\ProgramData\Jenkins\.jenkins\workspace\Tatacliq>mvn clean test 
[INFO] Scanning for projects...
[INFO] 
[INFO] -----------------< com.automation:TataCliqAutomation >------------------
[INFO] Building TataCliqAutomation 1.0-SNAPSHOT
[INFO]   from pom.xml
[INFO] --------------------------------[ jar ]---------------------------------
[INFO] 
[INFO] --- clean:3.2.0:clean (default-clean) @ TataCliqAutomation ---
[INFO] Deleting C:\ProgramData\Jenkins\.jenkins\workspace\Tatacliq\target
[INFO] 
[INFO] --- resources:3.3.1:resources (default-resources) @ TataCliqAutomation ---
[WARNING] Using platform encoding (UTF-8 actually) to copy filtered resources, i.e. build is platform dependent!
[INFO] skip non existing resourceDirectory C:\ProgramData\Jenkins\.jenkins\workspace\Tatacliq\src\main\resources
[INFO] 
[INFO] --- compiler:3.13.0:compile (default-compile) @ TataCliqAutomation ---
[INFO] Recompiling the module because of changed source code.
[WARNING] File encoding has not been set, using platform encoding UTF-8, i.e. build is platform dependent!
[INFO] Compiling 2 source files with javac [debug target 11] to target\classes
[WARNING] system modules path not set in conjunction with -source 11
[INFO] Annotation processing is enabled because one or more processors were found
  on the class path. A future release of javac may disable annotation processing
  unless at least one processor is specified by name (-processor), or a search
  path is specified (--processor-path, --processor-module-path), or annotation
  processing is enabled explicitly (-proc:only, -proc:full).
  Use -Xlint:-options to suppress this message.
  Use -proc:none to disable annotation processing.
[INFO] 
[INFO] --- resources:3.3.1:testResources (default-testResources) @ TataCliqAutomation ---
[WARNING] Using platform encoding (UTF-8 actually) to copy filtered resources, i.e. build is platform dependent!
[INFO] Copying 5 resources from src\test\resources to target\test-classes
[INFO] 
[INFO] --- compiler:3.13.0:testCompile (default-testCompile) @ TataCliqAutomation ---
[INFO] Recompiling the module because of changed dependency.
[WARNING] File encoding has not been set, using platform encoding UTF-8, i.e. build is platform dependent!
[INFO] Compiling 2 source files with javac [debug target 11] to target\test-classes
[WARNING] system modules path not set in conjunction with -source 11
[INFO] Annotation processing is enabled because one or more processors were found
  on the class path. A future release of javac may disable annotation processing
  unless at least one processor is specified by name (-processor), or a search
  path is specified (--processor-path, --processor-module-path), or annotation
  processing is enabled explicitly (-proc:only, -proc:full).
  Use -Xlint:-options to suppress this message.
  Use -proc:none to disable annotation processing.
[INFO] 
[INFO] --- surefire:3.1.2:test (default-test) @ TataCliqAutomation ---
[INFO] Using auto detected provider org.apache.maven.surefire.testng.TestNGProvider
[INFO] 
[INFO] -------------------------------------------------------
[INFO]  T E S T S
[INFO] -------------------------------------------------------
[INFO] Running TestSuite
SLF4J: Failed to load class "org.slf4j.impl.StaticLoggerBinder".
SLF4J: Defaulting to no-operation (NOP) logger implementation
SLF4J: See http://www.slf4j.org/codes.html#StaticLoggerBinder for further details.
Nov 03, 2025 3:06:50 PM org.openqa.selenium.devtools.CdpVersionFinder findNearestMatch
WARNING: Unable to find CDP implementation matching 142
Nov 03, 2025 3:06:50 PM org.openqa.selenium.chromium.ChromiumDriver lambda$new$5
WARNING: Unable to find version of CDP to use for 142.0.7444.59. You may need to include a dependency on a specific version of the CDP using something similar to `org.seleniumhq.selenium:selenium-devtools-v86:4.25.0` where the version ("v86") matches the version of the chromium-based browser you're using and the version number of the artifact is the same as Selenium's.
java.io.FileNotFoundException: C:\Users\surya.karnati\Downloads\TataCliqAutomation\Manual_Testing_Data.xlsx (The system cannot find the path specified)
	at java.base/java.io.FileInputStream.open0(Native Method)
	at java.base/java.io.FileInputStream.open(FileInputStream.java:213)
	at java.base/java.io.FileInputStream.<init>(FileInputStream.java:152)
	at java.base/java.io.FileInputStream.<init>(FileInputStream.java:106)
	at com.automation.utils.ExcelReader.readExcel(ExcelReader.java:15)
	at com.automation.testcases.TataCliqTestCases.executeExcelTests(TataCliqTestCases.java:38)
	at java.base/jdk.internal.reflect.DirectMethodHandleAccessor.invoke(DirectMethodHandleAccessor.java:103)
	at java.base/java.lang.reflect.Method.invoke(Method.java:580)
	at org.testng.internal.invokers.MethodInvocationHelper.invokeMethod(MethodInvocationHelper.java:141)
	at org.testng.internal.invokers.TestInvoker.invokeMethod(TestInvoker.java:686)
	at org.testng.internal.invokers.TestInvoker.invokeTestMethod(TestInvoker.java:230)
	at org.testng.internal.invokers.MethodRunner.runInSequence(MethodRunner.java:63)
	at org.testng.internal.invokers.TestInvoker$MethodInvocationAgent.invoke(TestInvoker.java:992)
	at org.testng.internal.invokers.TestInvoker.invokeTestMethods(TestInvoker.java:203)
	at org.testng.internal.invokers.TestMethodWorker.invokeTestMethods(TestMethodWorker.java:154)
	at org.testng.internal.invokers.TestMethodWorker.run(TestMethodWorker.java:134)
	at java.base/java.util.ArrayList.forEach(ArrayList.java:1596)
	at org.testng.TestRunner.privateRun(TestRunner.java:739)
	at org.testng.TestRunner.run(TestRunner.java:614)
	at org.testng.SuiteRunner.runTest(SuiteRunner.java:421)
	at org.testng.SuiteRunner.runSequentially(SuiteRunner.java:413)
	at org.testng.SuiteRunner.privateRun(SuiteRunner.java:373)
	at org.testng.SuiteRunner.run(SuiteRunner.java:312)
	at org.testng.SuiteRunnerWorker.runSuite(SuiteRunnerWorker.java:52)
	at org.testng.SuiteRunnerWorker.run(SuiteRunnerWorker.java:95)
	at org.testng.TestNG.runSuitesSequentially(TestNG.java:1274)
	at org.testng.TestNG.runSuitesLocally(TestNG.java:1208)
	at org.testng.TestNG.runSuites(TestNG.java:1112)
	at org.testng.TestNG.run(TestNG.java:1079)
	at org.apache.maven.surefire.testng.TestNGExecutor.run(TestNGExecutor.java:308)
	at org.apache.maven.surefire.testng.TestNGXmlTestSuite.execute(TestNGXmlTestSuite.java:71)
	at org.apache.maven.surefire.testng.TestNGProvider.invoke(TestNGProvider.java:113)
	at org.apache.maven.surefire.booter.ForkedBooter.runSuitesInProcess(ForkedBooter.java:385)
	at org.apache.maven.surefire.booter.ForkedBooter.execute(ForkedBooter.java:162)
	at org.apache.maven.surefire.booter.ForkedBooter.run(ForkedBooter.java:507)
	at org.apache.maven.surefire.booter.ForkedBooter.main(ForkedBooter.java:495)
>>> Flushing Extent Report <<<
[INFO] Tests run: 1, Failures: 0, Errors: 0, Skipped: 0, Time elapsed: 27.79 s -- in TestSuite
[INFO] 
[INFO] Results:
[INFO] 
[INFO] Tests run: 1, Failures: 0, Errors: 0, Skipped: 0
[INFO] 
[INFO] ------------------------------------------------------------------------
[INFO] BUILD SUCCESS
[INFO] ------------------------------------------------------------------------
[INFO] Total time:  50.937 s
[INFO] Finished at: 2025-11-03T15:07:05+05:30
[INFO] ------------------------------------------------------------------------
Finished: SUCCESS
